12:14:14 PM: Netlify Build                                                 
12:14:14 PM: ────────────────────────────────────────────────────────────────
12:14:14 PM: ​
12:14:14 PM: ❯ Version
12:14:14 PM:   @netlify/build 35.1.2
12:14:14 PM: ​
12:14:14 PM: ❯ Flags
12:14:14 PM:   accountId: 682944c53ccbcbdd9854f222
12:14:14 PM:   baseRelDir: true
12:14:14 PM:   buildId: 68ad5777736e5a615eb0cac8
12:14:14 PM:   deployId: 68ad5777736e5a615eb0caca
12:14:14 PM: ​
12:14:14 PM: ❯ Current directory
12:14:14 PM:   /opt/build/repo
12:14:14 PM: ​
12:14:14 PM: ❯ Config file
12:14:14 PM:   /opt/build/repo/netlify.toml
12:14:14 PM: ​
12:14:14 PM: ❯ Context
12:14:14 PM:   production
12:14:14 PM: ​
12:14:14 PM: ❯ Installing extensions
12:14:14 PM:    - neon
12:14:35 PM: ​
12:14:35 PM: ❯ Using Next.js Runtime - v5.12.1
12:14:35 PM: ​
12:14:35 PM: ❯ Loading extensions
12:14:35 PM:    - neon
12:14:37 PM: No Next.js cache to restore
12:14:37 PM: ​
12:14:37 PM: build.command from netlify.toml                               
12:14:37 PM: ────────────────────────────────────────────────────────────────
12:14:37 PM: ​
12:14:37 PM: $ npm ci --legacy-peer-deps && npm run build && cp -r .next/static .next/standalone/ && cp -r public .next/standalone/
12:14:42 PM: npm warn deprecated multer@1.4.5-lts.2: Multer 1.x is impacted by a number of vulnerabilities, which have been patched in 2.x. You should upgrade to the latest 2.x version.
12:14:50 PM: > my-v0-project@0.1.0 postinstall
12:14:50 PM: > echo 'Dependencies installed successfully'
12:14:50 PM: Dependencies installed successfully
12:14:50 PM: added 642 packages in 13s
12:14:50 PM: > my-v0-project@0.1.0 build
12:14:50 PM: > cross-env NEXT_RUNTIME=nodejs next build
12:14:50 PM: ⚠ No build cache found. Please configure build caching for faster rebuilds. Read more: https://nextjs.org/docs/messages/no-cache
12:14:50 PM:   ▲ Next.js 14.2.16
12:14:50 PM:    Creating an optimized production build ...
12:15:05 PM:  ✓ Compiled successfully
12:15:05 PM:    Skipping validation of types
12:15:05 PM:    Skipping linting
12:15:05 PM:    Collecting page data ...
12:15:09 PM:    Generating static pages (0/50) ...
12:15:10 PM:    Generating static pages (12/50)
12:15:10 PM:    Generating static pages (24/50)
12:15:10 PM: 🔍 Getting truly unmatched submissions...
12:15:10 PM:    Generating static pages (37/50)
12:15:11 PM: Total submissions: 0
12:15:11 PM: Matched submissions (in teams): 0
12:15:11 PM: Unmatched submissions: 0
12:15:12 PM:  ✓ Generating static pages (50/50)
12:15:13 PM:    Finalizing page optimization ...
12:15:13 PM:    Collecting build traces ...
12:15:21 PM: Failed during stage 'building site': Build script returned non-zero exit code: 2 (https://ntl.fyi/exit-code-2)
12:15:19 PM: Route (app)                                   Size     First Load JS
12:15:19 PM: ┌ ○ /                                         17.5 kB         175 kB
12:15:19 PM: ├ ○ /_not-found                               876 B          88.4 kB
12:15:19 PM: ├ ○ /about                                    4.75 kB         162 kB
12:15:19 PM: ├ ○ /access-denied                            2.34 kB        96.7 kB
12:15:19 PM: ├ ○ /admin/case-match                         4.74 kB        96.1 kB
12:15:19 PM: ├ ○ /admin/dashboard                          3.98 kB        91.5 kB
12:15:19 PM: ├ ○ /admin/unauthorized                       4 kB            143 kB
12:15:19 PM: ├ ƒ /api/admin/validate-session               0 B                0 B
12:15:19 PM: ├ ƒ /api/case-match/analyze                   0 B                0 B
12:15:19 PM: ├ ƒ /api/case-match/save-teams                0 B                0 B
12:15:19 PM: ├ ƒ /api/case-match/upload                    0 B                0 B
12:15:19 PM: ├ ○ /api/database/status                      0 B                0 B
12:15:19 PM: ├ ƒ /api/resources/[id]/views                 0 B                0 B
12:15:19 PM: ├ ƒ /api/rl-metrics                           0 B                0 B
12:15:19 PM: ├ ƒ /api/team-chat/messages                   0 B                0 B
12:15:19 PM: ├ ƒ /api/team-chat/reactions                  0 B                0 B
12:15:19 PM: ├ ƒ /api/team-chat/read                       0 B                0 B
12:15:19 PM: ├ ƒ /api/team-chat/typing                     0 B                0 B
12:15:19 PM: ├ ƒ /api/team-matching/approve                0 B                0 B
12:15:19 PM: ├ ƒ /api/team-matching/automated-formation    0 B                0 B
12:15:19 PM: ├ ƒ /api/team-matching/check-schema           0 B                0 B
12:15:19 PM: ├ ƒ /api/team-matching/create-team            0 B                0 B
12:15:19 PM: ├ ƒ /api/team-matching/fix-database-schema    0 B                0 B
12:15:19 PM: ├ ƒ /api/team-matching/force-status-update    0 B                0 B
12:15:19 PM: ├ ƒ /api/team-matching/form-teams             0 B                0 B
12:15:19 PM: ├ ƒ /api/team-matching/formation-stats        0 B                0 B
12:15:19 PM: ├ ƒ /api/team-matching/insights               0 B                0 B
12:15:19 PM: ├ ƒ /api/team-matching/notifications          0 B                0 B
12:15:19 PM: ├ ○ /api/team-matching/stats                  0 B                0 B
12:15:19 PM: ├ ƒ /api/team-matching/submissions            0 B                0 B
12:15:19 PM: ├ ƒ /api/team-matching/submit                 0 B                0 B
12:15:19 PM: ├ ƒ /api/team-matching/teams                  0 B                0 B
12:15:19 PM: ├ ƒ /api/team-matching/test-data              0 B                0 B
12:15:19 PM: ├ ƒ /api/team-matching/test-status-update     0 B                0 B
12:15:19 PM: ├ ○ /api/team-matching/unmatched-submissions  0 B                0 B
12:15:19 PM: ├ ○ /auth-test                                2.64 kB         130 kB
12:15:19 PM: ├ ƒ /auth/callback                            0 B                0 B
12:15:19 PM: ├ ○ /case-match                               5.07 kB        96.4 kB
12:15:19 PM: ├ ○ /community                                1.64 kB         159 kB
12:15:19 PM: ├ ○ /contact                                  1.63 kB         159 kB
12:15:19 PM: ├ ○ /events                                   1.64 kB         159 kB
12:15:19 PM: ├ ○ /login                                    2.98 kB         151 kB
12:15:19 PM: ├ ○ /opportunities                            1.64 kB         159 kB
12:15:19 PM: ├ ○ /privacy                                  209 B           158 kB
12:15:19 PM: ├ ○ /profile                                  2.86 kB         161 kB
12:15:19 PM: ├ ○ /resources                                30.7 kB         195 kB
12:15:19 PM: ├ ƒ /resources/[id]                           4.42 kB        91.9 kB
12:15:19 PM: ├ ○ /rl-dashboard                             9.01 kB        96.5 kB
12:15:19 PM: ├ ○ /signup                                   3.64 kB         151 kB
12:15:19 PM: ├ ○ /team                                     3.02 kB         161 kB
12:15:19 PM: ├ ○ /team-dashboard                           10.1 kB         175 kB
12:15:19 PM: ├ ○ /team/dashboard                           15.6 kB         103 kB
12:15:19 PM: ├ ○ /terms                                    209 B           158 kB
12:15:19 PM: ├ ○ /test-admin-context                       4.06 kB         146 kB
12:15:19 PM: └ ○ /test-rl                                  675 B            95 kB
12:15:19 PM: + First Load JS shared by all                 87.5 kB
12:15:19 PM:   ├ chunks/2117-f1a69611e666e8d8.js           31.6 kB
12:15:19 PM:   ├ chunks/fd9d1056-ecb5f7c150ad5918.js       53.6 kB
12:15:19 PM:   └ other shared chunks (total)               2.26 kB
12:15:19 PM: ƒ Middleware                                  26.6 kB
12:15:19 PM: ○  (Static)   prerendered as static content
12:15:19 PM: ƒ  (Dynamic)  server-rendered on demand
12:15:20 PM: ​
12:15:20 PM: (build.command completed in 42.9s)
12:15:20 PM: ​
12:15:20 PM: Plugin "@netlify/plugin-nextjs" failed                        
12:15:20 PM: ────────────────────────────────────────────────────────────────
12:15:20 PM: ​
12:15:20 PM:   Error message
12:15:20 PM:   Error: Your publish directory does not contain expected Next.js build output. Please check your build settings
12:15:20 PM: ​
12:15:20 PM:   Plugin details
12:15:20 PM:   Package:        @netlify/plugin-nextjs
12:15:20 PM:   Version:        5.12.1
12:15:20 PM:   Repository:     git+https://github.com/opennextjs/opennextjs-netlify.git
12:15:20 PM:   npm link:       https://www.npmjs.com/package/@netlify/plugin-nextjs
12:15:20 PM:   Report issues:  https://github.com/opennextjs/opennextjs-netlify/issues
12:15:20 PM: ​
12:15:20 PM:   Error location
12:15:20 PM:   In "onBuild" event in "@netlify/plugin-nextjs" from netlify.toml
12:15:20 PM: ​
12:15:20 PM:   Resolved config
12:15:20 PM:   build:
12:15:20 PM:     command: npm ci --legacy-peer-deps && npm run build && cp -r .next/static
12:15:20 PM:       .next/standalone/ && cp -r public .next/standalone/
12:15:20 PM:     commandOrigin: config
12:15:20 PM:     environment:
12:15:20 PM:       - NEXT_PUBLIC_SUPABASE_ANON_KEY
12:15:20 PM:       - NEXT_PUBLIC_SUPABASE_SERVICE_ROLE_KEY
12:15:20 PM:       - NEXT_PUBLIC_SUPABASE_URL
12:15:20 PM:       - SUPABASE_SERVICE_ROLE_KEY
12:15:20 PM:       - NODE_VERSION
12:15:20 PM:       - NPM_FLAGS
12:15:20 PM:       - NEXT_PRIVATE_STANDALONE
12:15:20 PM:     ignore: git diff --quiet $CACHED_COMMIT_REF $COMMIT_REF backend/ Frontend/
12:15:20 PM:     publish: /opt/build/repo/.next/standalone
12:15:20 PM:     publishOrigin: config
12:15:20 PM:   headers:
12:15:20 PM:     - for: /*
      values:
        Permissions-Policy: camera=(), microphone=(), geolocation=()
        Referrer-Policy: strict-origin-when-cross-origin
        X-Content-Type-Options: nosniff
        X-Frame-Options: SAMEORIGIN
        X-XSS-Protection: 1; mode=block
    - for: /static/*
      values:
        Cache-Control: public, max-age=31536000, immutable
    - for: /*.{png,jpg,jpeg,gif,svg,webp,avif,ico}
      values:
        Cache-Control: public, max-age=31536000
    - for: /*.{woff,woff2,ttf,eot}
      values:
        Access-Control-Allow-Origin: "*"
        Cache-Control: public, max-age=31536000
  headersOrigin: config
  plugins:
    - inputs: {}
      origin: config
      package: "@netlify/plugin-nextjs"
12:15:20 PM: Build failed due to a user error: Build script returned non-zero exit code: 2
12:15:21 PM: Failing build: Failed to build site
12:15:21 PM: Finished processing build request in 1m32.463s